.............s...........................F.........FFFFFFFFFFFFFFFFFFFFF [ 23%]
FFFFFFFFFFFFFFFFFFFFFFFFFFFFFFFF.......FF.FFF........................... [ 47%]
