ERROR: usage: python.exe -m pytest [options] [file_or_dir] [file_or_dir] [...]
python.exe -m pytest: error: unrecognized arguments: --timeout=5
  inifile: C:\dev\projects\werender\pyproject.toml
  rootdir: C:\dev\projects\werender

