============================= test session starts =============================
platform win32 -- Python 3.14.0, pytest-9.0.2, pluggy-1.6.0
rootdir: C:\dev\projects\werender
configfile: pyproject.toml
plugins: anyio-4.12.0, asyncio-1.3.0, cov-7.0.0, mock-3.15.1
asyncio: mode=Mode.AUTO, debug=False, asyncio_default_fixture_loop_scope=None, asyncio_default_test_loop_scope=function
collected 23 items

tests\test_blender.py ......                                             [ 26%]
tests\test_discovery.py ..                                               [ 34%]
tests\test_job.py ...........                                            [ 82%]
tests\test_system.py ....                                                [100%]

============================== warnings summary ===============================
src\werender\network\worker.py:13
  C:\dev\projects\werender\src\werender\network\worker.py:13: DeprecationWarning: websockets.client.connect is deprecated
    from websockets.client import connect as websocket_connect

..\..\..\Users\Zwmar\AppData\Roaming\Python\Python314\site-packages\websockets\legacy\__init__.py:6
  C:\Users\Zwmar\AppData\Roaming\Python\Python314\site-packages\websockets\legacy\__init__.py:6: DeprecationWarning: websockets.legacy is deprecated; see https://websockets.readthedocs.io/en/stable/howto/upgrade.html for upgrade instructions
    warnings.warn(  # deprecated in 14.0 - 2024-11-09

-- Docs: https://docs.pytest.org/en/stable/how-to/capture-warnings.html
======================= 23 passed, 2 warnings in 1.08s ========================
